<html>
<body>
<pre>
<h1>µVision Build Log</h1>
<h2>Project:</h2>
C:\Users\yosef\OneDrive\Desktop\EMBEDDED 21-5\21-5.uvproj
Project File Date:  05/24/2022

<h2>Output:</h2>
Rebuild target 'Target 1'
assembling startup_TM4C123.s...
compiling GPIO.c...
Macros.h(31): warning:  #1-D: last line of file ends without a newline
        
LCD.h(10): warning:  #1-D: last line of file ends without a newline
  #endif
GPIO.h(81): warning:  #1295-D: Deprecated declaration init - give arg types
  void init();
GPIO.h(84): warning:  #1-D: last line of file ends without a newline
  #endif
GPIO.c: 4 warnings, 0 errors
compiling Switches.c...
GPIO.h(81): warning:  #1295-D: Deprecated declaration init - give arg types
  void init();
GPIO.h(84): warning:  #1-D: last line of file ends without a newline
  #endif
Switches.h(10): warning:  #1-D: last line of file ends without a newline
  #endif
Switches.c: 3 warnings, 0 errors
compiling LCD.c...
Keypad.h(10): warning:  #1-D: last line of file ends without a newline
  #endif
Systick.h(10): warning:  #1-D: last line of file ends without a newline
  #endif
LCD.h(10): warning:  #1-D: last line of file ends without a newline
  #endif
LCD.c: 3 warnings, 0 errors
compiling Main.c...
Macros.h(31): warning:  #1-D: last line of file ends without a newline
        
GPIO.h(81): warning:  #1295-D: Deprecated declaration init - give arg types
  void init();
GPIO.h(84): warning:  #1-D: last line of file ends without a newline
  #endif
Switches.h(10): warning:  #1-D: last line of file ends without a newline
  #endif
LCD.h(10): warning:  #1-D: last line of file ends without a newline
  #endif
Counter.h(12): warning:  #1-D: last line of file ends without a newline
  #endif
Keypad.h(10): warning:  #1-D: last line of file ends without a newline
  #endif
Systick.h(10): warning:  #1-D: last line of file ends without a newline
  #endif
LED.h(8): warning:  #1-D: last line of file ends without a newline
  #endif
States.h(11): warning:  #1-D: last line of file ends without a newline
  #endif
Main.c(154): warning:  #546-D: transfer of control bypasses initialization of:
            variable "BeefWeightText" (declared at line 63)
            variable "BeefWeightText2" (declared at line 64)
            variable "BeefWeight" (declared at line 65)
            variable "Error" (declared at line 70)
                                                goto Start;
                                                ^
Main.c(171): warning:  #1-D: last line of file ends without a newline
  }
Main.c: 12 warnings, 0 errors
compiling Counter.c...
GPIO.h(81): warning:  #1295-D: Deprecated declaration init - give arg types
  void init();
GPIO.h(84): warning:  #1-D: last line of file ends without a newline
  #endif
LCD.h(10): warning:  #1-D: last line of file ends without a newline
  #endif
Switches.h(10): warning:  #1-D: last line of file ends without a newline
  #endif
Counter.h(12): warning:  #1-D: last line of file ends without a newline
  #endif
Counter.c: 5 warnings, 0 errors
compiling Keypad.c...
Macros.h(31): warning:  #1-D: last line of file ends without a newline
        
keypad.h(10): warning:  #1-D: last line of file ends without a newline
  #endif
Systick.h(10): warning:  #1-D: last line of file ends without a newline
  #endif
Keypad.c(28): warning:  #1-D: last line of file ends without a newline
  }
Keypad.c: 4 warnings, 0 errors
compiling Systick.c...
Systick.h(10): warning:  #1-D: last line of file ends without a newline
  #endif
Systick.c: 1 warning, 0 errors
compiling LED.c...
Systick.h(10): warning:  #1-D: last line of file ends without a newline
  #endif
LED.c(10): warning:  #1-D: last line of file ends without a newline
  }
LED.c: 2 warnings, 0 errors
compiling States.c...
Counter.h(12): warning:  #1-D: last line of file ends without a newline
  #endif
Switches.h(10): warning:  #1-D: last line of file ends without a newline
  #endif
LCD.h(10): warning:  #1-D: last line of file ends without a newline
  #endif
States.h(11): warning:  #1-D: last line of file ends without a newline
  #endif
States.c: 4 warnings, 0 errors
linking...
Program Size: Code=2784 RO-data=668 RW-data=4 ZI-data=612  
".\21-5.axf" - 0 Error(s), 38 Warning(s).
</pre>
</body>
</html>
